C51 COMPILER V9.60.0.0   MAIN                                                              03/19/2026 16:24:21 PAGE 1   


C51 COMPILER V9.60.0.0, COMPILATION OF MODULE MAIN
OBJECT MODULE PLACED IN .\Objects\main.obj
COMPILER INVOKED BY: D:\Keil_v5\C51\BIN\C51.EXE main.c OPTIMIZE(9,SPEED) BROWSE DEBUG OBJECTEXTEND PRINT(.\Listings\main
                    -.lst) TABS(2) OBJECT(.\Objects\main.obj)

line level    source

   1          #include <CH551.H>
   2          #include "div_usb.h"
   3          #include "keybord.h"
   4          
   5          void system_init()
   6          {
   7   1          SAFE_MOD = 0x55;
   8   1          SAFE_MOD = 0xAA;
   9   1          CLOCK_CFG = 0x8C;
  10   1          WAKE_CTRL = bWAK_BY_USB;
  11   1          GLOBAL_CFG |= 1;
  12   1          SAFE_MOD = 0x00;
  13   1      }
  14          
  15          void gpio_init()
  16          {
  17   1          P3_MOD_OC = 0XEF;
  18   1      }
  19          
  20          void T0_init()
  21          {
  22   1          TMOD &= 0xF0;
  23   1          TMOD |= 0x02;
  24   1          TL0 = 0x06;
  25   1          TH0 = 0x06;
  26   1          TF0 = 0;
  27   1          TR0 = 1;
  28   1          ET0 = 1;
  29   1      }
  30          
  31          volatile uchar t0_num = 0;
  32          
  33          void delay_ms(uchar ms)
  34          {
  35   1          WDOG_COUNT = 0xF0 - ms / 5;
  36   1          for (; ms > 0; ms--)
  37   1          {
  38   2              while (t0_num < 4);
  39   2              t0_num -= 4;
  40   2          }
  41   1      }
  42          
  43          void main()
  44          {
  45   1          system_init();
  46   1          gpio_init();
  47   1          T0_init();
  48   1      
  49   1          EA = 1;
  50   1          drv_usb_init();
  51   1      
  52   1          while (1)
  53   1          {
  54   2              keybord_scanning();
C51 COMPILER V9.60.0.0   MAIN                                                              03/19/2026 16:24:21 PAGE 2   

  55   2              keybord_trembling();
  56   2              HIDKey_transfer();
  57   2              delay_ms(1);
  58   2          }
  59   1      }
  60          
  61          void T0_time() interrupt INT_NO_TMR0
  62          {
  63   1          TF0 = 0;
  64   1          t0_num++;
  65   1      }


MODULE INFORMATION:   STATIC OVERLAYABLE
   CODE SIZE        =    121    ----
   CONSTANT SIZE    =   ----    ----
   XDATA SIZE       =   ----    ----
   PDATA SIZE       =   ----    ----
   DATA SIZE        =      1    ----
   IDATA SIZE       =   ----    ----
   BIT SIZE         =   ----    ----
END OF MODULE INFORMATION.


C51 COMPILATION COMPLETE.  0 WARNING(S),  0 ERROR(S)
